# 跑于 2026-09-17 09:44:05 +0800 | 服务端 25.3.14.14 | 镜像 clickhouse/clickhouse-server:25.3.14.14@sha256:b627d7a9bc0e0c1bac26cdbe9d2fc6316faa29c5d8a174f28f5abd57d0fa6ba2 | lab c56afe2

=== 造数据：10000 行正常数据 + 5 组逐字节相同的重复 ===
  · 多余行占比做成 5/10005，对着生产那次的形状（两亿行里多 234 行）
  [符合] 总行数：10005
  [符合] 唯一键数：10000

=== 第一步：低成本数出多余行（count() - uniqExact，不做整分区 GROUP BY） ===
rows	keys	extra
10005	10000	5

=== 第二步：把重复的键固化成一张表 ===
  [符合] 重复的键组数：5

=== 前置校验一：多余行占比要低于阈值（0.1%） ===
  · 占比高过这条线说明不是零星写重，换分区只是把问题盖住，runbook 该中止
  · 多余行占比 0.05%
  [符合] 占比低于 0.1%（1 = 是）：1

=== 前置校验二：每组重复的业务列哈希数必须是 1 ===
  · LIMIT 1 BY 任选一行，两份内容不同的话它会不报错地丢掉好的那份
  [符合] 哈希数大于 1 的组数：0

=== 第三步：runbook 本体，文章里那五条 SQL ===
  · CREATE TABLE … AS 能成功，是因为原表路径里带 {uuid}（见实验 04）
  [符合] 换完之后总行数：10000
  [符合] 还有几组重复：0
  [符合] 唯一键数没少：10000

=== 重跑一遍，验幂等 ===
  [符合] 再跑一次之后行数：10000

=== 三个副本都换到了吗 ===
host	rows
ch1	10000
ch2	10000
ch3	10000
