# 跑于 2026-09-17 09:48:26 +0800 | 服务端 25.3.14.14 | 镜像 clickhouse/clickhouse-server:25.3.14.14@sha256:b627d7a9bc0e0c1bac26cdbe9d2fc6316faa29c5d8a174f28f5abd57d0fa6ba2 | lab 067dcbc

=== 服务端时区（下面那两张表的对照基准） ===
server_tz
UTC

=== 一、同一批数据、两种时区声明，落进不同分区 ===
  · 两张表只差 ts 列的时区声明，分区键都是 toYYYYMMDD(ts)
tbl	id	shown_time	partition
tz_sh	1	2026-07-31 07:30:00	20260731
tz_sh	2	2026-07-30 18:00:00	20260730
tz_utc	1	2026-07-30 23:30:00	20260730
tz_utc	2	2026-07-30 10:00:00	20260730
  [符合] 两张表存的是同一批绝对时刻，行数一样：2-2
  [符合] tz_utc 的分区集合：20260730
  [符合] tz_sh  的分区集合：20260730,20260731
  · 同一批数据、同一个分区键表达式，分区却不一样：时区声明改的是 toYYYYMMDD 按哪个墙钟截断
  [符合] 按事件日 20260730 查 tz_utc，查得到 2 行：2
  [符合] 同一条查询打到 tz_sh 只剩 1 行（另一行跑到 20260731 去了）：1
  · 这就是「少了一行」的典型形状：没有报错，两边都自称查的是 7 月 30 日

=== 二、uniq 是近似值，对账口径只能用 uniqExact ===
n	uniq	exact	diff	err_pct
100000	100315	100000	315	0.315
1000000	1001943	1000000	1943	0.1943
10000000	9983940	10000000	-16060	-0.1606
  [符合] uniqExact 在 1000 万上是精确的：10000000
  [符合] uniq 在 1000 万上不精确（1 = 确实对不上）：1
  · 误差两个方向都会出现，不是单调偏大或偏小，所以不能靠固定系数修正

=== 三、右表键不唯一：INNER JOIN 放大行数，ANY JOIN 不放大 ===
  · 左表 3 个键各 1 行，右表同样 3 个键但每个 2 行
join_kind	result_rows
ANY INNER	3
ANY LEFT	3
INNER	6
LEFT	6
  [符合] INNER JOIN 放大到 6 行（3 × 右表每键 2 行）：6
  [符合] LEFT JOIN 同样放大到 6 行：6
  [符合] ANY INNER JOIN 不放大：3
  [符合] ANY LEFT JOIN 不放大：3

=== ANY JOIN 保留的是哪一行 ===
k	v
0	v1
1	v1
2	v1
  · 默认取到的都是 v1，也就是右表里先出现的那一行
  · 但这不是 ANY JOIN 的性质，是一个设置的当前取值：join_any_take_last_row 直接翻转它
  [符合] join_any_take_last_row = 0（默认）取先出现的那行：v1,v1,v1
  [符合] join_any_take_last_row = 1 取后出现的那行：v2,v2,v2
  · 官方 JOIN 语句页没有写 ANY 保留哪一行（已核，2026-09-17 读的那一页只列了 ANY 的语法
  · 和 join_any_take_last_row 这个设置，没有措辞承诺是第一行）。所以别在文档里写死
  · 「ANY JOIN 取第一行」——它连默认值都是可配的。要确定性就自己 LIMIT 1 BY 加排序列。
