# 跑于 2026-10-07 01:15:03 +0800 | 服务端 25.3.14.14 | 镜像 clickhouse/clickhouse-server:25.3.14.14@sha256:b627d7a9bc0e0c1bac26cdbe9d2fc6316faa29c5d8a174f28f5abd57d0fa6ba2 | lab fe2db37+改动 | SLOW=1

=== A、临时表建好之后、换分区之前，同一天又写进来一批 ===
  [符合] 方案校验 1：临时表窗口内重复数：0
  [符合] 方案校验 2：原表 − 临时表：18
  · 校验过了，换分区之前：一个补发任务经 ch2 往 03-24 写 50 行，另一个往 03-25 写 20 行
  · 换分区之前当天行数已经是 100068（方案不会再数一次）
  [符合] 方案核对：system.parts 当天行数 = 预期：100000
  [符合] 方案核对：窗口内重复数：0
  [符合] 实际：补发进 03-24 的 50 行还剩：0
  [符合] 实际：同时写进 03-25 的 20 行还剩（别的分区不受影响）：20
  · 事后能查到的痕迹：快照之后这个分区的 NewPart（只有写入的那个副本记 NewPart，见实验 03）
host	event_type	part_name	rows
ch2	NewPart	20260324_2_2_0	50
  [符合] 快照之后这个分区的 NewPart 行数合计：50
  · 能提前拦下的那条：换分区前一刻再数一次当天行数，必须等于建临时表时的数（这次是 100068 ≠ 100018）
  · 能事后发现的那条：上面这个 part_log 查询，换完立刻跑，非 0 就是有写入被抹掉了
  · （error = 0 那个条件不能少：被块级去重拦下的重投也会记一行 NewPart，只是 error = 389，见实验 03）

=== B、建临时表时连到的副本落后（少一个 part） ===
  · ch2 停掉拉取，然后经 ch1 往 03-24 写 30 行：ch1/ch3 有，ch2 没有
  [符合] 建临时表之前三个副本的当天行数：100048,100018,100048
  [符合] ch2 复制队列里卡着的 GET_PART（有就是 1）：1
  · 方案整套在 ch2 上跑（Aiven 的连接随机落到某个节点）
  [符合] 方案校验 1（ch2 上算）：临时表窗口内重复数：0
  [符合] 方案校验 2（ch2 上算）：原表 − 临时表：18
  [符合] 换完之后三个副本的当天行数：100000,100000,100000
  [符合] 实际：经 ch1 写入的那 30 行，三个副本合计还剩：0
  · 能提前拦下的那条：建临时表之前用 clusterAllReplicas 数三个副本的当天行数，不相等就停（上面那一行）

=== C、换完之后有一个副本还没执行 REPLACE_RANGE ===
  · ch3 停掉复制队列；方案整套在 ch1 上跑，换完马上 DROP 临时表（方案第 5 步在核对之前）
  [符合] 方案核对（ch1）：system.parts 当天行数：100000
  [符合] 方案核对（ch1）：本节点 replication_queue 待办：0
  [符合] 同一时刻三个副本的当天行数：100000,100000,100018
  [符合] 连到 ch3 的查询看到的重复键数：18
  [符合] 全副本 replication_queue 里没执行的 REPLACE_RANGE：1
  · 放开 ch3 的复制队列，临时表已经没了，看它能不能追平
  · 放开之后 0s
  [符合] ch3 追平之后三个副本的当天行数：100000,100000,100000
  · 放开之后 ch3 的 part_log：临时表在 ch3 上已经删了，新 part 只能来自别的副本，记的却是 NewPart
event_type	parts	rows
NewPart	3	100000
RemovePart	2	100018
  [符合] REPLACE_RANGE 落地的 part 在 part_log 里记成 NewPart，行数合计：100000
  · 所以 A 段那条事后检查必须卡在换分区那一刻之前（event_time_microseconds < 换分区时间），否则会把换进来的 part 也算成新写入
  · 该用的核对：clusterAllReplicas 数每个副本的行数、查全副本的 replication_queue，都清了再 DROP 临时表
