# 跑于 2026-10-05 02:46:51 +0800 | 服务端 25.3.14.14 | 镜像 clickhouse/clickhouse-server:25.3.14.14@sha256:b627d7a9bc0e0c1bac26cdbe9d2fc6316faa29c5d8a174f28f5abd57d0fa6ba2 | lab ca4e119+改动 | SLOW=1

=== 1、对的情形：整套跑一遍 ===
  · R0：三个副本行数|全副本队列|未完成 mutation = 100018,100018,100018|0|0
  [符合] R0 前置通过
  [符合] R1 快照行数 = 线上当天行数：100018
  [符合] R2 闸：重复键组数：18
  [符合] R2 闸：多余行数：18
  [符合] R2 闸：业务列哈希数 > 1 的组：0
  [符合] R3 闸：去重后行数,键数,快照键数：100000,100000,100000
  [符合] R4 闸：三个副本当天行数都 = 快照行数，全副本队列为空：100018,100018,100018|0
  [符合] R6：每个副本 行数/重复键 | 全副本队列 | 快照到换分区之间的 NewPart 行数：100000/0,100000/0,100000/0|0|0
  [符合] 标准答案：新分区里找不到原样的行：0
  [符合] 标准答案：丢了的键：0
  [符合] 前一天、后一天没动：1000,1000

=== 2、回滚演练：R7 把快照换回去，再换回去重后的版本 ===
  [符合] 回滚后当天行数 = 快照：100018
  [符合] 回滚后和原分区逐行一致（两个方向 EXCEPT 都是 0）：0
  [符合] 回滚后快照表还在（同一份 part 被两张表共用，换回去不消耗它）：100018
  [符合] 再换回去重后的版本：100000/0,100000/0,100000/0

=== 3、快照之后、R4 之前有写入：R4 拦下 ===
  · R4 读到 100058,100058,100058|0，快照是 100018
  [符合] R4 拦下（不是「三个副本都 = 快照且队列空」，不换分区）：1
  · 处理：删掉 _bak/_dedup/_dupkeys 从 R1 重来，或者先停掉那个写入源

=== 3b、快照之后有写入，但还没复制到执行 runbook 的节点：只数本节点的旧 R4 放行，改过的 R4 拦下 ===
  · ch1（执行 runbook 的节点）停掉拉取，补发任务经 ch2 往当天写 20 行：ch2、ch3 有，ch1 还没有
  [符合] 旧 R4（只数 ch1）读到的还是快照行数，会放行：100018
  · 改过的 R4 读到 100018,100038,100038|1
  [符合] 改过的 R4 拦下：1
  · 照旧 R4 放行、紧接着在 ch1 上执行 R5，看这 20 行的下场：
  [符合] 三个副本上 v- 开头的 20 行合计还剩：0
  · R6 = 100000/0,100000/0,100000/0|0|20
  [符合] R6 的 part_log 那一条事后报了出来（快照之后这个分区的 NewPart 行数）：20
  · REPLACE PARTITION 换掉的是这个分区里「换分区那一刻之前分到块号」的全部 part，不管执行节点自己有没有拉到

=== 4、R4 之后、R5 之前有写入：R6 的 part_log 那一条报出来 ===
  [符合] R4 当时是过的：100018,100018,100018|0
  · R6 = 100000/0,100000/0,100000/0|0|25
  [符合] R6：快照到换分区之间这个分区有 NewPart，行数：25
  [符合] 那 25 行确实没了：0
  · R7 回滚只能回到快照，快照里也没有这 25 行：这一条的作用是报警，补救是让写入源按键重发这一批
  · 所以执行窗口里要先停掉对这个分区的补发；R4 和 R5 连着跑，中间不留人工步骤

=== 5、有副本落后：R0 拦下 ===
  · R0 = 100048,100018,100048|1|0
  [符合] R0 拦下（三个副本行数不等或队列非空）：1
  [符合] 放开之后 R0 通过：1

=== 6、量一下「几毫秒」：重建和换分区各花多久（lab 规模：当天 100000 行） ===
step	statements	ms	written_rows	read_rows
R1 快照	1	34	0	0
R2 重复键	1	28	18	100018
R3 重建	2	55	100000	108264
R5 换分区	1	40	0	0
  · 换分区本身不写数据（written_rows 0）；R3 把整天分区读一遍、写一遍（written_rows = 当天行数）。
  · lab 只有 10 万行，两步耗时看不出差别；到生产一千多万行，时间应该主要花在 R3——这是推断：
  · R3 的读写量跟着分区行数线性涨，R5 只挂硬链接（实验 20），但生产规模上没量过
