# 跑于 2026-10-11 00:52:22 +0800 | 服务端 25.3.14.14 | 镜像 clickhouse/clickhouse-server:25.3.14.14@sha256:b627d7a9bc0e0c1bac26cdbe9d2fc6316faa29c5d8a174f28f5abd57d0fa6ba2 | lab d5a651e | 机器 Apple M2 Pro（12 核 / 32 GiB），Docker 12 CPU / 15.7 GiB | SLOW=1

=== 一、同一批原样重投，带同一个 token（sink 超时重投的形状） ===
  [符合] 设置 0：源表拦下了重投（物理行数）：1
  [符合] 设置 0：源表那次被拦下的插入在 part_log 里记 error = 389：1
  [符合] 设置 0（默认）：物化视图照样又累加了一次：200
  [符合] 设置 1：源表拦下了重投：1
  [符合] 设置 1：物化视图跟着拦下了：100

=== 二、同一批原样重投，不带 token（按数据哈希去重） ===
  [符合] 设置 0：源表拦下、物化视图累加两次（源表行数 / 物化视图）：1/200
  [符合] 设置 1：两边都拦下（源表行数 / 物化视图）：1/100

=== 三、首写用 0、重投用 1（上线 M1 的过渡期，或者两条写入路径的设置不一致） ===
  [符合] 物化视图仍然累加了两次：首写时目标表没有记下去重标记：200
  · 所以这个设置要对所有写入一律生效（写进 sink 的 clickhouseSettings 或者 sink 用户的 profile），不能只在部分写入上带。

=== 四、设成 1 会不会误去重：两个不同的源批次，聚合进物化视图后是一模一样的块 ===
  [符合] 带不同 token：两批都算进去了：200
  [符合] 不带 token：两批也都算进去了：200
  · 25.3 上物化视图那一块的去重标记是从源批次派生的，不是按物化视图输出的内容算哈希，所以不会误伤。

=== 五、设成 1 之后，物化视图目标表自己的窗口也要盖住重投 ===
  · 源表窗口用默认的 1000，目标表窗口压到 2；写 4 个不同的批次，等目标表的裁剪线程把 blocks/ 裁到 2
  znode 从 4 个降到 2 个，等了约 35s（5 秒轮询一次）
  [符合] 源表窗口还记得，重投被拦下：1
  [符合] 目标表窗口已经裁掉了那一批，物化视图又累加了一次：200
  · M2 调大去重窗口时，物化视图的目标表要一起调，而且不能比源表小。

=== 六、窗口外的重放、改数据：明细 FINAL 对，物化视图多算，设置 1 也管不了 ===
  · 重放：同一行换了 token（批次边界变了），create_time 晚 60 秒
  [符合] 明细 FINAL 只剩 1 行：1
  [符合] 物化视图算了两次：200
  · 改数据：按 ReplacingMergeTree 的惯例重发一条新版本，金额 100 → 150
  [符合] 明细 FINAL 读到的是新版本的金额：150
  [符合] 物化视图把三次都加上了（100 + 100 + 150）：350
  [符合] 两张表都合并之后，物化视图也不会自己变回来：350
  · 物化视图在插入时触发，看不到后来的合并。窗口外的重复和改数据，报表只能靠从明细 FINAL 重算（实验 25）。

=== 七、设成 1 的同时开着 async_insert ===
  [符合] INSERT 直接报错（Code 344 = 是）：1
  · 由 throw_if_deduplication_in_dependent_materialized_views_enabled_with_async_insert（默认 1）控制。
  · connector 默认 async_insert = 0；在 clickhouseSettings 里把它打开，再开 M1，sink 的每条 INSERT 都会失败。
# 退出码 0
