# 跑于 2026-10-10 19:36:56 +0800 | 服务端 25.3.14.14 | 镜像 clickhouse/clickhouse-server:25.3.14.14@sha256:b627d7a9bc0e0c1bac26cdbe9d2fc6316faa29c5d8a174f28f5abd57d0fa6ba2 | lab 94c06b8+改动 | SLOW=1

=== 一、没有重复：报表和明细 FINAL 逐桶一致 ===
  · 写了 900000 行、90 批（三天，每批一个 token，轮流打到三个节点）
  [符合] ch1 上对不上的天：无
  [符合] ch2 上对不上的天：无
  [符合] ch3 上对不上的天：无
  [符合] 报表行数（30 分钟桶 × 20 个租户 × 3 天）：2880

=== 二、三种重复加一次改数据，各让报表偏多少 ===
  · a. sink 超时重投：第二天 offset 400000 起那一批原样再写一次，同一个 token，换了个节点
  [符合] a 之后：报表不偏（对不上的天）：无
  · b. sink 重启重放：第二天 offset 450500 起 700 行换了批次边界再写一次（token 变了），create_time 晚 60 秒
  [符合] b 之后：第二天偏了这 700 行（行数差/金额差）：700/360491.71
  · c. producer 重试：第三天 120 行在 Kafka 里存了两份，第二份 offset 不同、token 不同，内容完全相同
  · d. 改数据：第三天 10 行重发新版本，金额各加 1000，create_time 晚一小时
  [符合] 明细 FINAL 读到的是新金额（10 行的合计）：13002.07
  [符合] c、d 之后：第三天偏了 130 行，金额偏 c 的 120 行加上 d 的旧金额：130/64191.68
  · e. 人工补发：第一天补写 500 行新数据（不是重复）
  [符合] e 之后：第一天不偏（行数差/金额差）：0/0

=== 三、按天对账找出偏了的天 ===
  [符合] 对不上的天：20260308,20260309
  · 对账就是上面 drift 那条查询：报表按桶聚合，和明细 FINAL 按同样的桶现算，FULL JOIN 逐桶比。
  · 生产上按天跑、只跑最近几天（迟到写入能回到两周前，见 production-shape.md 第五节）。

=== 四、重算偏了的天：明细 FINAL → 临时表 → 过闸 → REPLACE PARTITION ===
  [符合] ch1 上对不上的天：无
  [符合] ch2 上对不上的天：无
  [符合] ch3 上对不上的天：无
  [符合] 同一天再重算一次，结果不变：无
  [符合] 重算之后，报表这一天在每个副本上都只有 1 个 part（换进来的那个）：[1]

=== 五、闸为什么必须有：临时表建好之后、换分区之前，明细这一天进来迟到写入 ===
  · 不过闸：临时表写好之后，第三天迟到 50 行（物化视图已经把它们加进报表），然后照样换分区
  [符合] 这 50 行在明细里：50
  [符合] 报表里却被换分区抹掉了（第三天 行数差/金额差）：-50/-23939.59
  · 过闸：同样的时机再来 50 行
  · 闸：快照之后明细 20260309 又进来 1 个 part，这次不换，重来
  [符合] 闸拦下了（fix_day 返回 2）：2
  [符合] 重来一次之后，前后两批迟到的 100 行都在报表里，全部对上：无

=== 六、时区上卷：UTC 的 30 分钟桶 → 各时区日报 ===
  [符合] Asia/Shanghai 日报对不上的天数：0
  [符合] Asia/Kolkata 日报对不上的天数：0
  [符合] America/New_York 日报对不上的天数：0
  [符合] America/New_York 2026-03-08（夏令时开始，23 小时）的桶数：46
  [符合] 非加性的指标也能上卷：Asia/Shanghai 每天的去重用户数和明细一致（对不上的天数）：0
  [符合] Asia/Kathmandu（+5:45）对不上（1 = 至少有一天对不上）：1
  · Kathmandu 的日界是 UTC 18:15，落在 18:00–18:30 那个桶中间，30 分钟桶切不开。要支持 :45 偏移的时区，桶得是 15 分钟。

=== 七、代价：同一张日报，查报表 vs 查明细 FINAL ===
   ┌─log_comment─────┬─read_rows─┬─ms─┬─mem───────┐
1. │ exp25/raw_final │   1175832 │ 17 │ 28.72 MiB │
2. │ exp25/report    │      3275 │  2 │ 5.02 MiB  │
   └─────────────────┴───────────┴────┴───────────┘
  [符合] 查报表读的行数不到查明细 FINAL 的 1%（1 = 是）：1
  · 报表每天 48 个桶 × 租户数行，和明细的行数无关；明细一天 300000 行。耗时是这台机器上的数，别外推。
# 退出码 0
