# 跑于 2026-10-10 19:37:06 +0800 | 服务端 25.3.14.14 | 镜像 clickhouse/clickhouse-server:25.3.14.14@sha256:b627d7a9bc0e0c1bac26cdbe9d2fc6316faa29c5d8a174f28f5abd57d0fa6ba2 | lab 94c06b8+改动 | SLOW=1

=== 准备：同一天 20000000 行写两份，一份合并好，一份不合并、还带 5% 重复 ===
  · raw26：1 个 part，20000000 行，431.57 MiB
  · raw26u：21 个 part，21000000 行，455.37 MiB
  · ch1 上 max_threads 的默认值：\'auto(12)\'

=== 测量：空载，以及三种形状 × 不限 / max_threads = 2 / max_threads = 1，各 3 轮 ===
  · 第 1 轮跑完
  · 第 2 轮跑完
  · 第 3 轮跑完
  · 大查询（每次执行的中位数；runs = 几轮里一共执行了几次；cores = 实际用了几个核）：
   ┌─run────────────┬─runs─┬─────ms─┬─cores─┬─peak_mem─┐
1. │ scan-auto      │  141 │     64 │  9.12 │ 4.23 MiB │
2. │ scan-mt1       │   30 │    458 │     1 │ 7.15 MiB │
3. │ scan-mt2       │   57 │    233 │  1.98 │ 4.08 MiB │
4. │ settled-auto   │    6 │ 1850.5 │  1.83 │ 1.94 GiB │
5. │ settled-mt1    │    6 │ 2558.5 │     1 │ 1.95 GiB │
6. │ settled-mt2    │    6 │   2148 │  1.24 │ 1.95 GiB │
7. │ unsettled-auto │    6 │   1985 │  2.42 │ 1.93 GiB │
8. │ unsettled-mt1  │    4 │   3826 │     1 │ 1.95 GiB │
9. │ unsettled-mt2  │    6 │   2727 │  1.39 │ 1.95 GiB │
   └────────────────┴──────┴────────┴───────┴──────────┘
  · sink 形状的小批写入，只算各窗口内发起的（每种情形 3 轮合起来）：
    ┌─during─────────┬─inserts─┬─p50_ms─┬─p95_ms─┬─max_ms─┐
 1. │ idle           │     167 │      8 │     17 │     49 │
 2. │ scan-auto      │     143 │      4 │      7 │     23 │
 3. │ scan-mt1       │     178 │      5 │     15 │    137 │
 4. │ scan-mt2       │     189 │      5 │      8 │     49 │
 5. │ settled-auto   │     183 │      5 │     43 │    108 │
 6. │ settled-mt1    │     243 │      5 │      8 │    191 │
 7. │ settled-mt2    │     212 │      5 │      9 │     80 │
 8. │ unsettled-auto │     185 │      5 │     49 │    170 │
 9. │ unsettled-mt1  │     219 │      5 │      9 │    282 │
10. │ unsettled-mt2  │     250 │      5 │     13 │    156 │
    └────────────────┴─────────┴────────┴────────┴────────┘
  [符合] settled：max_threads = 2 时不超过 2.3 个核（1 = 是）：1
  [符合] settled：max_threads = 1 时不超过 1.3 个核（1 = 是）：1
  [符合] unsettled：max_threads = 2 时不超过 2.3 个核（1 = 是）：1
  [符合] unsettled：max_threads = 1 时不超过 1.3 个核（1 = 是）：1
  [符合] scan：max_threads = 2 时不超过 2.3 个核（1 = 是）：1
  [符合] scan：max_threads = 1 时不超过 1.3 个核（1 = 是）：1
  [符合] scan：不限时用了 4 个核以上（1 = 是）：1
  [符合] scan：代价是 max_threads = 2 的耗时为不限时的 1.5 倍以上（1 = 是）：1
  [符合] 两种重算 × 三种设置 × 每一轮，结果都一样（不同结果的个数）：1
  [符合] scan 三种设置 × 每一轮，结果都一样（不同结果的个数）：1
# 退出码 0
