# 跑于 2026-10-11 00:56:51 +0800 | 服务端 25.3.14.14 | 镜像 clickhouse/clickhouse-server:25.3.14.14@sha256:b627d7a9bc0e0c1bac26cdbe9d2fc6316faa29c5d8a174f28f5abd57d0fa6ba2 | lab d5a651e | 机器 Apple M2 Pro（12 核 / 32 GiB），Docker 12 CPU / 15.7 GiB | SLOW=1

=== 准备：历史 5 天、每天 200000 行，外加 300 行重放形状的重复 ===
  · sink 开始写 2026-03-10，已写到 offset 2100

=== 一、准备：新表结构和旧表逐项一致 ===
  [符合] 列、类型、默认值、分区键、排序键、主键、存储策略、跳数索引都一致（1 = 是）：1

=== 二、在线搬历史：sink 照常写，逐个分区 ATTACH PARTITION … FROM ===
  · 20260306 搬完之后，人工补发了 50 行进旧表的这个分区
  [符合] ATTACH 一共写了多少行（0 = 只挂硬链接）：0

=== 三、停写、排空 ===
  · sink 暂停在 offset 3000
  [符合] 三个副本上都没有在跑的 INSERT：0
  [符合] 两张表追平之后，复制队列里除了合并任务没有别的条目：0

=== 四、补齐：搬迁开始之后旧表有新 part 的分区，再同步一次 ===
  [符合] 要补的分区：sink 在写的今天，和搬完之后被补发的那天：20260306,20260310

=== 五、闸：每个分区、每个副本，两张表的行数一致 ===
  [符合] 行数对不上的（副本, 分区）个数：0
  [符合] 搬迁前那 300 行重复也原样搬过来了（新表 2026-03-07 的物理行数）：200300

=== 六、切换：EXCHANGE TABLES，恢复 sink ===
  · sink 从暂停到恢复：443 ms（lab 上 6 个分区；生产上补齐那一步的分区数决定这段时间）
  [符合] 三个副本上 ev 都是 ReplicatedReplacingMergeTree：['ReplicatedReplacingMergeTree']
  [符合] 物化视图挂在新的 ev 上：['daily_mv']

=== 七、核对 ===
  · sink 一共写到 offset 6300；写失败重写过的批次：0
  [符合] sink 的每个 offset 在新表里都在（不同的 offset 数 = 写到的 offset）：6300
  [符合] 而且每个只有一份（FINAL 之前的物理行数 = 写到的 offset）：6300
  [符合] 历史 5 天：新表 FINAL 的行数 = 旧表里不同键的个数：1000000/1000000
  [符合] 那 300 行重复在新表里被 FINAL 折掉了（2026-03-07 的 FINAL 行数）：200000
  [符合] 人工补发的 50 行在新表里：50
  [符合] 下游物化视图 2026-03-10 的行数 = sink 写到的 offset（切换前后不漏不多）：6300

=== 八、反例 ===
  · 不排空就切换：一条要跑 3 秒的 INSERT 正在写 x_cur，这时候 EXCHANGE
  [符合] 那 30 行落进了切换之后的旧表（x_new），新的 x_cur 里一行没有（新表/旧表）：0/30
  · INSERT 开始时就绑定了那张表本身，不跟着名字走，所以切换之前必须排空。
  [符合] sink 写同名的普通视图（「UNION ALL 视图」那种迁移方案）直接报错（Code 48 = 是）：1
  · 排空为什么不能等复制队列归零：停了 merge 的表（迁移期间的新表），有可合并的 part 时 leader 照样排合并任务
  [符合] 6 个小 part，merge 停着，leader 还是排了合并任务（1 = 有）：1
  [符合] 执行不了，queue_size 不会归零（1 = 不为 0）：1
  [符合] 不带 LIGHTWEIGHT 的 SYNC REPLICA 一直等，3 秒超时报错（Code 159 = 是）：1
  [符合] 带 LIGHTWEIGHT 的立刻返回（空 = 正常返回）：
  · 所以排空用 SYNC REPLICA … LIGHTWEIGHT，再看队列里除了 MERGE_PARTS 有没有别的条目（三）。

=== 九、回滚演练：停写、排空，新表每个分区同步回旧表，过闸，切回去；切换之后写进来的数据一行不丢 ===
  [符合] 各副本的合并进度不一样：新表今天的分区，ch2 比 ch1 多出那 100 行没合并掉的重复（ch2 − ch1）：100
  [符合] 所以五那种每个副本各比各的闸，在这里会误报（1 = 报了对不上）：1
  [符合] 回滚的闸：三个副本上的旧表，都和 ch1 上的新表逐分区行数一致（一致的副本数）：3
  [符合] 回滚开始之后，新表没有新写进来的 part：0
  [符合] 回滚之后 ev 是 ReplicatedMergeTree：['ReplicatedMergeTree']
  [符合] sink 写过的每个 offset 都在，而且只有一份（不同 offset 数/物理行数）：8200/8200
  [符合] 人工补发的 50 行也在：50
# 退出码 0
